// Jest Snapshot v1, https://goo.gl/fbAQLP

exports[`renders App properly 1`] = `
<div
  className="App"
>
  <Projects />
</div>
`;
